127.0.0.1 - - [07/May/2015:09:36:58 -0700] "GET / HTTP/1.1" 404 951
0:0:0:0:0:0:0:1 - - [07/May/2015:09:36:59 -0700] "GET /CS320/Homework2/Login HTTP/1.1" 200 787
127.0.0.1 - - [07/May/2015:09:44:21 -0700] "GET / HTTP/1.1" 404 951
0:0:0:0:0:0:0:1 - - [07/May/2015:09:44:23 -0700] "GET /CS320/Homework1/Register HTTP/1.1" 200 1228
0:0:0:0:0:0:0:1 - - [07/May/2015:09:44:50 -0700] "POST /CS320/Homework1/Register HTTP/1.1" 200 347
127.0.0.1 - - [07/May/2015:09:46:09 -0700] "GET / HTTP/1.1" 404 951
0:0:0:0:0:0:0:1 - - [07/May/2015:09:46:09 -0700] "GET /CS320/Homework1/Register HTTP/1.1" 200 1228
0:0:0:0:0:0:0:1 - - [07/May/2015:09:46:29 -0700] "POST /CS320/Homework1/Register HTTP/1.1" 500 1448
127.0.0.1 - - [07/May/2015:09:47:01 -0700] "GET / HTTP/1.1" 404 951
0:0:0:0:0:0:0:1 - - [07/May/2015:09:47:01 -0700] "GET /CS320/Homework1/Register HTTP/1.1" 200 1228
0:0:0:0:0:0:0:1 - - [07/May/2015:09:47:25 -0700] "POST /CS320/Homework1/Register HTTP/1.1" 200 347
127.0.0.1 - - [07/May/2015:09:53:03 -0700] "GET / HTTP/1.1" 404 951
0:0:0:0:0:0:0:1 - - [07/May/2015:09:53:03 -0700] "GET /CS320/Homework1/Register HTTP/1.1" 200 1228
0:0:0:0:0:0:0:1 - - [07/May/2015:09:53:46 -0700] "POST /CS320/Homework1/Register HTTP/1.1" 200 347
127.0.0.1 - - [07/May/2015:09:55:59 -0700] "GET / HTTP/1.1" 404 951
0:0:0:0:0:0:0:1 - - [07/May/2015:09:55:59 -0700] "GET /CS320/Homework1/Register HTTP/1.1" 200 1228
0:0:0:0:0:0:0:1 - - [07/May/2015:09:56:14 -0700] "POST /CS320/Homework1/Register HTTP/1.1" 200 333
0:0:0:0:0:0:0:1 - - [07/May/2015:09:56:16 -0700] "GET /CS320/Homework2/Login HTTP/1.1" 200 787
0:0:0:0:0:0:0:1 - - [07/May/2015:09:56:25 -0700] "POST /CS320/Homework2/Login HTTP/1.1" 302 -
0:0:0:0:0:0:0:1 - - [07/May/2015:09:56:25 -0700] "GET /CS320/Homework2/Welcome HTTP/1.1" 200 337
0:0:0:0:0:0:0:1 - - [07/May/2015:09:56:49 -0700] "POST /CS320/Homework2/Login HTTP/1.1" 200 821
0:0:0:0:0:0:0:1 - - [07/May/2015:10:13:40 -0700] "POST /CS320/Homework2/Login HTTP/1.1" 302 -
0:0:0:0:0:0:0:1 - - [07/May/2015:10:13:40 -0700] "GET /CS320/Homework2/Welcome HTTP/1.1" 200 320
0:0:0:0:0:0:0:1 - - [07/May/2015:10:14:30 -0700] "POST /CS320/Homework2/Login HTTP/1.1" 302 -
0:0:0:0:0:0:0:1 - - [07/May/2015:10:14:30 -0700] "GET /CS320/Homework2/Welcome HTTP/1.1" 200 337
127.0.0.1 - - [07/May/2015:14:14:02 -0700] "GET / HTTP/1.1" 404 951
0:0:0:0:0:0:0:1 - - [07/May/2015:14:14:03 -0700] "GET /CS320/Homework1/Register HTTP/1.1" 200 1228
0:0:0:0:0:0:0:1 - - [07/May/2015:14:14:23 -0700] "POST /CS320/Homework1/Register HTTP/1.1" 200 333
0:0:0:0:0:0:0:1 - - [07/May/2015:14:14:26 -0700] "GET /CS320/Homework2/Login HTTP/1.1" 200 787
0:0:0:0:0:0:0:1 - - [07/May/2015:14:14:52 -0700] "POST /CS320/Homework2/Login HTTP/1.1" 302 -
0:0:0:0:0:0:0:1 - - [07/May/2015:14:14:52 -0700] "GET /CS320/Homework2/Welcome HTTP/1.1" 200 320
0:0:0:0:0:0:0:1 - - [07/May/2015:14:15:03 -0700] "POST /CS320/Homework2/Login HTTP/1.1" 302 -
0:0:0:0:0:0:0:1 - - [07/May/2015:14:15:03 -0700] "GET /CS320/Homework2/Welcome HTTP/1.1" 200 320
0:0:0:0:0:0:0:1 - - [07/May/2015:14:15:17 -0700] "GET /CS320/Homework2/Login HTTP/1.1" 200 787
0:0:0:0:0:0:0:1 - - [07/May/2015:14:15:18 -0700] "GET /favicon.ico HTTP/1.1" 404 973
0:0:0:0:0:0:0:1 - - [07/May/2015:14:15:24 -0700] "POST /CS320/Homework2/Login HTTP/1.1" 302 -
0:0:0:0:0:0:0:1 - - [07/May/2015:14:15:24 -0700] "GET /CS320/Homework2/Welcome HTTP/1.1" 200 320
0:0:0:0:0:0:0:1 - - [07/May/2015:14:18:02 -0700] "GET /CS320/Homework2/Login HTTP/1.1" 200 787
127.0.0.1 - - [07/May/2015:14:47:40 -0700] "GET / HTTP/1.1" 404 951
0:0:0:0:0:0:0:1 - - [07/May/2015:14:47:41 -0700] "GET /CS320/Homework2/Login HTTP/1.1" 200 787
0:0:0:0:0:0:0:1 - - [07/May/2015:14:47:52 -0700] "POST /CS320/Homework2/Login HTTP/1.1" 302 -
0:0:0:0:0:0:0:1 - - [07/May/2015:14:47:52 -0700] "GET /CS320/Homework2/Welcome HTTP/1.1" 200 320
0:0:0:0:0:0:0:1 - - [07/May/2015:14:48:07 -0700] "POST /CS320/Homework2/Login HTTP/1.1" 302 -
0:0:0:0:0:0:0:1 - - [07/May/2015:14:48:07 -0700] "GET /CS320/Homework2/Welcome HTTP/1.1" 200 320
0:0:0:0:0:0:0:1 - - [07/May/2015:15:09:20 -0700] "GET /CS320/Homework2/Login HTTP/1.1" 200 787
0:0:0:0:0:0:0:1 - - [07/May/2015:15:09:24 -0700] "GET /CS320/Homework2/Welcome HTTP/1.1" 302 -
0:0:0:0:0:0:0:1 - - [07/May/2015:15:09:24 -0700] "GET /CS320/Homework2/Login HTTP/1.1" 200 787
127.0.0.1 - - [07/May/2015:15:11:22 -0700] "GET / HTTP/1.1" 404 951
0:0:0:0:0:0:0:1 - - [07/May/2015:15:11:23 -0700] "GET /CS320/Homework2/Welcome HTTP/1.1" 500 1415
0:0:0:0:0:0:0:1 - - [07/May/2015:15:12:33 -0700] "GET /CS320/Homework2/Welcome HTTP/1.1" 302 -
0:0:0:0:0:0:0:1 - - [07/May/2015:15:12:33 -0700] "GET /CS320/Homework2/Login HTTP/1.1" 200 787
0:0:0:0:0:0:0:1 - - [07/May/2015:15:12:43 -0700] "GET /CS320/Homework2/Welcome HTTP/1.1" 302 -
0:0:0:0:0:0:0:1 - - [07/May/2015:15:12:43 -0700] "GET /CS320/Homework2/Login HTTP/1.1" 200 787
0:0:0:0:0:0:0:1 - - [07/May/2015:15:13:05 -0700] "POST /CS320/Homework2/Login HTTP/1.1" 200 821
0:0:0:0:0:0:0:1 - - [07/May/2015:15:13:27 -0700] "POST /CS320/Homework2/Login HTTP/1.1" 302 -
0:0:0:0:0:0:0:1 - - [07/May/2015:15:13:27 -0700] "GET /CS320/Homework2/Welcome HTTP/1.1" 200 320
0:0:0:0:0:0:0:1 - - [07/May/2015:15:13:38 -0700] "GET /CS320/Homework2/Welcome HTTP/1.1" 200 320
0:0:0:0:0:0:0:1 - - [07/May/2015:15:13:40 -0700] "GET /CS320/Homework2/Welcome HTTP/1.1" 200 320
127.0.0.1 - - [07/May/2015:15:34:50 -0700] "GET / HTTP/1.1" 404 951
0:0:0:0:0:0:0:1 - - [07/May/2015:15:34:50 -0700] "GET /CS320/Homework2/Login HTTP/1.1" 200 787
0:0:0:0:0:0:0:1 - - [07/May/2015:15:34:57 -0700] "POST /CS320/Homework2/Login HTTP/1.1" 200 848
127.0.0.1 - - [07/May/2015:16:20:12 -0700] "GET / HTTP/1.1" 404 951
0:0:0:0:0:0:0:1 - - [07/May/2015:16:20:13 -0700] "GET /CS320/GuestBook HTTP/1.1" 200 734
127.0.0.1 - - [07/May/2015:16:21:19 -0700] "GET / HTTP/1.1" 404 951
0:0:0:0:0:0:0:1 - - [07/May/2015:16:21:19 -0700] "GET /CS320/GuestBook HTTP/1.1" 200 734
127.0.0.1 - - [07/May/2015:19:59:26 -0700] "GET / HTTP/1.1" 404 951
0:0:0:0:0:0:0:1 - - [07/May/2015:19:59:27 -0700] "GET /CS320/midterm/StoreAdmin HTTP/1.1" 200 477
127.0.0.1 - - [07/May/2015:20:06:51 -0700] "GET / HTTP/1.1" 404 951
0:0:0:0:0:0:0:1 - - [07/May/2015:20:06:52 -0700] "GET /CS320/midterm/StoreAdmin HTTP/1.1" 200 920
127.0.0.1 - - [07/May/2015:20:09:18 -0700] "GET / HTTP/1.1" 404 951
0:0:0:0:0:0:0:1 - - [07/May/2015:20:09:19 -0700] "GET /CS320/midterm/StoreAdmin HTTP/1.1" 200 970
0:0:0:0:0:0:0:1 - - [07/May/2015:20:09:23 -0700] "GET /midterm/add HTTP/1.1" 404 973
0:0:0:0:0:0:0:1 - - [07/May/2015:20:09:39 -0700] "GET /CS320/midterm/StoreAdmin HTTP/1.1" 200 970
127.0.0.1 - - [07/May/2015:20:10:26 -0700] "GET / HTTP/1.1" 404 951
0:0:0:0:0:0:0:1 - - [07/May/2015:20:10:27 -0700] "GET /CS320/midterm/StoreAdmin HTTP/1.1" 200 961
0:0:0:0:0:0:0:1 - - [07/May/2015:20:10:31 -0700] "GET /CS320/midterm/add HTTP/1.1" 404 985
127.0.0.1 - - [07/May/2015:20:30:26 -0700] "GET / HTTP/1.1" 404 951
0:0:0:0:0:0:0:1 - - [07/May/2015:20:30:26 -0700] "GET /CS320/midterm/StoreAdmin HTTP/1.1" 200 1233
127.0.0.1 - - [07/May/2015:20:31:17 -0700] "GET / HTTP/1.1" 404 951
0:0:0:0:0:0:0:1 - - [07/May/2015:20:31:17 -0700] "GET /CS320/midterm/StoreAdmin HTTP/1.1" 200 790
127.0.0.1 - - [07/May/2015:20:32:11 -0700] "GET / HTTP/1.1" 404 951
0:0:0:0:0:0:0:1 - - [07/May/2015:20:32:11 -0700] "GET /CS320/midterm/StoreAdmin HTTP/1.1" 200 979
127.0.0.1 - - [07/May/2015:20:33:04 -0700] "GET / HTTP/1.1" 404 951
0:0:0:0:0:0:0:1 - - [07/May/2015:20:33:04 -0700] "GET /CS320/midterm/StoreAdmin HTTP/1.1" 200 921
127.0.0.1 - - [07/May/2015:20:33:38 -0700] "GET / HTTP/1.1" 404 951
0:0:0:0:0:0:0:1 - - [07/May/2015:20:33:39 -0700] "GET /CS320/midterm/StoreAdmin HTTP/1.1" 200 851
127.0.0.1 - - [07/May/2015:20:35:52 -0700] "GET / HTTP/1.1" 404 951
0:0:0:0:0:0:0:1 - - [07/May/2015:20:35:52 -0700] "GET /CS320/midterm/StoreAdmin HTTP/1.1" 200 981
127.0.0.1 - - [07/May/2015:20:36:30 -0700] "GET / HTTP/1.1" 404 951
0:0:0:0:0:0:0:1 - - [07/May/2015:20:36:31 -0700] "GET /CS320/midterm/StoreAdmin HTTP/1.1" 200 1235
127.0.0.1 - - [07/May/2015:20:37:20 -0700] "GET / HTTP/1.1" 404 951
0:0:0:0:0:0:0:1 - - [07/May/2015:20:37:21 -0700] "GET /CS320/midterm/StoreAdmin HTTP/1.1" 200 1241
127.0.0.1 - - [07/May/2015:20:38:01 -0700] "GET / HTTP/1.1" 404 951
0:0:0:0:0:0:0:1 - - [07/May/2015:20:38:01 -0700] "GET /CS320/midterm/StoreAdmin HTTP/1.1" 200 1257
127.0.0.1 - - [07/May/2015:20:41:58 -0700] "GET / HTTP/1.1" 404 951
0:0:0:0:0:0:0:1 - - [07/May/2015:20:41:59 -0700] "GET /CS320/midterm/StoreAdmin HTTP/1.1" 500 1775
127.0.0.1 - - [07/May/2015:20:42:45 -0700] "GET / HTTP/1.1" 404 951
0:0:0:0:0:0:0:1 - - [07/May/2015:20:42:46 -0700] "GET /CS320/midterm/StoreAdmin HTTP/1.1" 200 1257
0:0:0:0:0:0:0:1 - - [07/May/2015:20:42:51 -0700] "GET /CS320/midterm/StoreAdminServlet?action=remove&id=0 HTTP/1.1" 404 1013
0:0:0:0:0:0:0:1 - - [07/May/2015:20:43:10 -0700] "GET /CS320/midterm/StoreAdminServlet HTTP/1.1" 404 1013
0:0:0:0:0:0:0:1 - - [07/May/2015:20:43:13 -0700] "GET /CS320/midterm/StoreAdminServlet?action=remove&id=0 HTTP/1.1" 404 1013
127.0.0.1 - - [07/May/2015:20:43:49 -0700] "GET / HTTP/1.1" 404 951
0:0:0:0:0:0:0:1 - - [07/May/2015:20:43:50 -0700] "GET /CS320/midterm/StoreAdmin HTTP/1.1" 200 1250
0:0:0:0:0:0:0:1 - - [07/May/2015:20:43:52 -0700] "GET /CS320/midterm/StoreAdmin?action=remove&id=0 HTTP/1.1" 200 985
127.0.0.1 - - [07/May/2015:20:52:17 -0700] "GET / HTTP/1.1" 404 951
0:0:0:0:0:0:0:1 - - [07/May/2015:20:52:18 -0700] "GET /CS320/midterm/StoreAdmin HTTP/1.1" 200 1250
0:0:0:0:0:0:0:1 - - [07/May/2015:20:52:20 -0700] "GET /CS320/midterm/add HTTP/1.1" 200 627
127.0.0.1 - - [07/May/2015:20:53:13 -0700] "GET / HTTP/1.1" 404 951
0:0:0:0:0:0:0:1 - - [07/May/2015:20:53:14 -0700] "GET /CS320/midterm/StoreAdmin HTTP/1.1" 200 1250
0:0:0:0:0:0:0:1 - - [07/May/2015:20:53:15 -0700] "GET /CS320/midterm/add HTTP/1.1" 200 659
127.0.0.1 - - [07/May/2015:20:55:03 -0700] "GET / HTTP/1.1" 404 951
0:0:0:0:0:0:0:1 - - [07/May/2015:20:55:04 -0700] "GET /CS320/midterm/StoreAdmin HTTP/1.1" 200 1250
0:0:0:0:0:0:0:1 - - [07/May/2015:20:55:10 -0700] "GET /CS320/midterm/add HTTP/1.1" 200 803
127.0.0.1 - - [07/May/2015:21:23:05 -0700] "GET / HTTP/1.1" 404 951
0:0:0:0:0:0:0:1 - - [07/May/2015:21:23:06 -0700] "GET /CS320/midterm/StoreAdmin HTTP/1.1" 200 1250
0:0:0:0:0:0:0:1 - - [07/May/2015:21:23:08 -0700] "GET /CS320/midterm/add HTTP/1.1" 200 843
0:0:0:0:0:0:0:1 - - [07/May/2015:21:23:17 -0700] "POST /CS320/midterm/StoreAdminServlet HTTP/1.1" 404 1013
127.0.0.1 - - [07/May/2015:21:24:00 -0700] "GET / HTTP/1.1" 404 951
0:0:0:0:0:0:0:1 - - [07/May/2015:21:24:01 -0700] "GET /CS320/midterm/StoreAdmin HTTP/1.1" 200 1250
0:0:0:0:0:0:0:1 - - [07/May/2015:21:24:03 -0700] "GET /CS320/midterm/add HTTP/1.1" 200 836
0:0:0:0:0:0:0:1 - - [07/May/2015:21:24:09 -0700] "POST /CS320/midterm/AddServlet HTTP/1.1" 404 999
127.0.0.1 - - [07/May/2015:21:24:41 -0700] "GET / HTTP/1.1" 404 951
0:0:0:0:0:0:0:1 - - [07/May/2015:21:24:42 -0700] "GET /CS320/midterm/StoreAdmin HTTP/1.1" 200 1250
0:0:0:0:0:0:0:1 - - [07/May/2015:21:24:44 -0700] "GET /CS320/midterm/add HTTP/1.1" 200 829
0:0:0:0:0:0:0:1 - - [07/May/2015:21:24:45 -0700] "POST /CS320/midterm/Add HTTP/1.1" 404 985
127.0.0.1 - - [07/May/2015:21:25:14 -0700] "GET / HTTP/1.1" 404 951
0:0:0:0:0:0:0:1 - - [07/May/2015:21:25:15 -0700] "GET /CS320/WEB-INF/classes/cs320/midterm/InventoryItem.java HTTP/1.1" 404 949
0:0:0:0:0:0:0:1 - - [07/May/2015:21:25:28 -0700] "GET /CS320/midterm/StoreAdmin HTTP/1.1" 200 1250
0:0:0:0:0:0:0:1 - - [07/May/2015:21:25:30 -0700] "GET /CS320/midterm/add HTTP/1.1" 200 829
0:0:0:0:0:0:0:1 - - [07/May/2015:21:25:32 -0700] "POST /CS320/midterm/add HTTP/1.1" 200 1071
0:0:0:0:0:0:0:1 - - [07/May/2015:21:25:40 -0700] "POST /CS320/midterm/add HTTP/1.1" 500 1586
127.0.0.1 - - [07/May/2015:21:26:32 -0700] "GET / HTTP/1.1" 404 951
0:0:0:0:0:0:0:1 - - [07/May/2015:21:26:33 -0700] "GET /CS320/midterm/StoreAdmin HTTP/1.1" 200 1250
0:0:0:0:0:0:0:1 - - [07/May/2015:21:26:43 -0700] "GET /CS320/midterm/add HTTP/1.1" 200 829
0:0:0:0:0:0:0:1 - - [07/May/2015:21:26:44 -0700] "POST /CS320/midterm/add HTTP/1.1" 200 1075
0:0:0:0:0:0:0:1 - - [07/May/2015:21:26:57 -0700] "POST /CS320/midterm/add HTTP/1.1" 200 960
0:0:0:0:0:0:0:1 - - [07/May/2015:21:27:12 -0700] "POST /CS320/midterm/add HTTP/1.1" 200 843
127.0.0.1 - - [07/May/2015:21:30:02 -0700] "GET / HTTP/1.1" 404 951
0:0:0:0:0:0:0:1 - - [07/May/2015:21:30:02 -0700] "GET /CS320/midterm/add HTTP/1.1" 500 1855
127.0.0.1 - - [07/May/2015:21:30:24 -0700] "GET / HTTP/1.1" 404 951
0:0:0:0:0:0:0:1 - - [07/May/2015:21:30:24 -0700] "GET /CS320/midterm/add HTTP/1.1" 200 829
0:0:0:0:0:0:0:1 - - [07/May/2015:21:30:41 -0700] "POST /CS320/midterm/add HTTP/1.1" 200 850
127.0.0.1 - - [07/May/2015:21:31:52 -0700] "GET / HTTP/1.1" 404 951
0:0:0:0:0:0:0:1 - - [07/May/2015:21:31:53 -0700] "GET /CS320/midterm/add HTTP/1.1" 200 829
0:0:0:0:0:0:0:1 - - [07/May/2015:21:32:08 -0700] "POST /CS320/midterm/add HTTP/1.1" 200 841
0:0:0:0:0:0:0:1 - - [07/May/2015:21:32:16 -0700] "POST /CS320/midterm/add HTTP/1.1" 200 905
127.0.0.1 - - [07/May/2015:21:34:18 -0700] "GET / HTTP/1.1" 404 951
0:0:0:0:0:0:0:1 - - [07/May/2015:21:34:18 -0700] "GET /CS320/midterm/add HTTP/1.1" 200 829
0:0:0:0:0:0:0:1 - - [07/May/2015:21:34:31 -0700] "POST /CS320/midterm/add HTTP/1.1" 200 841
127.0.0.1 - - [07/May/2015:21:35:25 -0700] "GET / HTTP/1.1" 404 951
0:0:0:0:0:0:0:1 - - [07/May/2015:21:35:26 -0700] "GET /CS320/midterm/add HTTP/1.1" 200 829
0:0:0:0:0:0:0:1 - - [07/May/2015:21:35:35 -0700] "POST /CS320/midterm/add HTTP/1.1" 200 841
127.0.0.1 - - [07/May/2015:21:36:57 -0700] "GET / HTTP/1.1" 404 951
0:0:0:0:0:0:0:1 - - [07/May/2015:21:36:57 -0700] "GET /CS320/midterm/add HTTP/1.1" 200 854
0:0:0:0:0:0:0:1 - - [07/May/2015:21:37:05 -0700] "POST /CS320/midterm/add HTTP/1.1" 200 866
127.0.0.1 - - [07/May/2015:21:43:13 -0700] "GET / HTTP/1.1" 404 951
0:0:0:0:0:0:0:1 - - [07/May/2015:21:43:14 -0700] "GET /CS320/midterm/StoreAdmin HTTP/1.1" 200 1250
0:0:0:0:0:0:0:1 - - [07/May/2015:21:43:16 -0700] "GET /CS320/midterm/add HTTP/1.1" 200 846
0:0:0:0:0:0:0:1 - - [07/May/2015:21:43:26 -0700] "POST /CS320/midterm/add HTTP/1.1" 200 854
0:0:0:0:0:0:0:1 - - [07/May/2015:21:43:33 -0700] "GET /CS320/midterm/StoreAdmin HTTP/1.1" 200 1250
0:0:0:0:0:0:0:1 - - [07/May/2015:21:43:34 -0700] "GET /CS320/midterm/StoreAdmin HTTP/1.1" 200 1250
0:0:0:0:0:0:0:1 - - [07/May/2015:21:43:34 -0700] "GET /CS320/midterm/StoreAdmin HTTP/1.1" 200 1250
0:0:0:0:0:0:0:1 - - [07/May/2015:21:43:35 -0700] "GET /CS320/midterm/StoreAdmin HTTP/1.1" 200 1250
0:0:0:0:0:0:0:1 - - [07/May/2015:21:43:35 -0700] "GET /CS320/midterm/StoreAdmin HTTP/1.1" 200 1250
0:0:0:0:0:0:0:1 - - [07/May/2015:21:43:35 -0700] "GET /CS320/midterm/StoreAdmin HTTP/1.1" 200 1250
0:0:0:0:0:0:0:1 - - [07/May/2015:21:43:36 -0700] "GET /CS320/midterm/StoreAdmin HTTP/1.1" 200 1250
0:0:0:0:0:0:0:1 - - [07/May/2015:21:43:36 -0700] "GET /CS320/midterm/StoreAdmin HTTP/1.1" 200 1250
0:0:0:0:0:0:0:1 - - [07/May/2015:21:43:39 -0700] "GET /CS320/midterm/StoreAdmin HTTP/1.1" 200 1250
0:0:0:0:0:0:0:1 - - [07/May/2015:21:43:40 -0700] "GET /CS320/midterm/StoreAdmin HTTP/1.1" 200 1250
0:0:0:0:0:0:0:1 - - [07/May/2015:21:43:40 -0700] "GET /CS320/midterm/StoreAdmin HTTP/1.1" 200 1250
0:0:0:0:0:0:0:1 - - [07/May/2015:21:43:40 -0700] "GET /CS320/midterm/StoreAdmin HTTP/1.1" 200 1250
0:0:0:0:0:0:0:1 - - [07/May/2015:21:43:41 -0700] "GET /CS320/midterm/StoreAdmin HTTP/1.1" 200 1250
0:0:0:0:0:0:0:1 - - [07/May/2015:21:43:49 -0700] "GET /CS320/midterm/StoreAdmin HTTP/1.1" 200 1250
127.0.0.1 - - [07/May/2015:21:44:46 -0700] "GET / HTTP/1.1" 404 951
0:0:0:0:0:0:0:1 - - [07/May/2015:21:44:47 -0700] "GET /CS320/midterm/StoreAdmin HTTP/1.1" 200 1250
0:0:0:0:0:0:0:1 - - [07/May/2015:21:44:49 -0700] "GET /CS320/midterm/add HTTP/1.1" 200 846
0:0:0:0:0:0:0:1 - - [07/May/2015:21:45:00 -0700] "POST /CS320/midterm/add HTTP/1.1" 200 854
127.0.0.1 - - [07/May/2015:21:46:19 -0700] "GET / HTTP/1.1" 404 951
0:0:0:0:0:0:0:1 - - [07/May/2015:21:46:20 -0700] "GET /CS320/midterm/StoreAdmin HTTP/1.1" 200 1250
0:0:0:0:0:0:0:1 - - [07/May/2015:21:46:22 -0700] "GET /CS320/midterm/add HTTP/1.1" 200 846
0:0:0:0:0:0:0:1 - - [07/May/2015:21:46:30 -0700] "POST /CS320/midterm/add HTTP/1.1" 200 849
127.0.0.1 - - [07/May/2015:21:47:28 -0700] "GET / HTTP/1.1" 404 951
0:0:0:0:0:0:0:1 - - [07/May/2015:21:47:29 -0700] "GET /CS320/midterm/StoreAdmin HTTP/1.1" 200 1250
0:0:0:0:0:0:0:1 - - [07/May/2015:21:47:30 -0700] "GET /CS320/midterm/add HTTP/1.1" 200 846
0:0:0:0:0:0:0:1 - - [07/May/2015:21:47:40 -0700] "POST /CS320/midterm/add HTTP/1.1" 200 847
0:0:0:0:0:0:0:1 - - [07/May/2015:21:47:45 -0700] "GET /CS320/midterm/StoreAdmin HTTP/1.1" 200 1498
0:0:0:0:0:0:0:1 - - [07/May/2015:21:47:46 -0700] "GET /CS320/midterm/StoreAdmin HTTP/1.1" 200 1498
0:0:0:0:0:0:0:1 - - [07/May/2015:21:47:46 -0700] "GET /CS320/midterm/StoreAdmin HTTP/1.1" 200 1498
0:0:0:0:0:0:0:1 - - [07/May/2015:21:47:47 -0700] "GET /CS320/midterm/StoreAdmin HTTP/1.1" 200 1498
0:0:0:0:0:0:0:1 - - [07/May/2015:21:47:47 -0700] "GET /CS320/midterm/StoreAdmin HTTP/1.1" 200 1498
0:0:0:0:0:0:0:1 - - [07/May/2015:21:47:47 -0700] "GET /CS320/midterm/StoreAdmin HTTP/1.1" 200 1498
0:0:0:0:0:0:0:1 - - [07/May/2015:21:47:48 -0700] "GET /CS320/midterm/StoreAdmin HTTP/1.1" 200 1498
0:0:0:0:0:0:0:1 - - [07/May/2015:21:47:51 -0700] "GET /CS320/midterm/StoreAdmin?action=remove&id=1 HTTP/1.1" 200 1250
0:0:0:0:0:0:0:1 - - [07/May/2015:21:47:54 -0700] "GET /CS320/midterm/StoreAdmin?action=remove&id=1 HTTP/1.1" 200 1250
0:0:0:0:0:0:0:1 - - [07/May/2015:21:47:54 -0700] "GET /CS320/midterm/StoreAdmin?action=remove&id=1 HTTP/1.1" 200 1250
127.0.0.1 - - [07/May/2015:22:03:24 -0700] "GET / HTTP/1.1" 404 951
0:0:0:0:0:0:0:1 - - [07/May/2015:22:03:25 -0700] "GET /CS320/midterm/StoreAdmin HTTP/1.1" 200 1250
0:0:0:0:0:0:0:1 - - [07/May/2015:22:03:27 -0700] "GET /CS320/midterm/add HTTP/1.1" 200 846
0:0:0:0:0:0:0:1 - - [07/May/2015:22:03:37 -0700] "POST /CS320/midterm/add HTTP/1.1" 302 -
0:0:0:0:0:0:0:1 - - [07/May/2015:22:03:37 -0700] "GET /CS320/midterm/StoreAdmin HTTP/1.1" 200 1516
0:0:0:0:0:0:0:1 - - [07/May/2015:22:03:41 -0700] "GET /CS320/midterm/StoreAdminServlet?query=iphone&selectbox=Name HTTP/1.1" 404 1013
0:0:0:0:0:0:0:1 - - [07/May/2015:22:03:45 -0700] "GET /CS320/midterm/StoreAdminServlet?query=iphone&selectbox=Name HTTP/1.1" 404 1013
127.0.0.1 - - [07/May/2015:22:04:41 -0700] "GET / HTTP/1.1" 404 951
0:0:0:0:0:0:0:1 - - [07/May/2015:22:04:41 -0700] "GET /CS320/midterm/StoreAdmin HTTP/1.1" 200 1243
0:0:0:0:0:0:0:1 - - [07/May/2015:22:04:43 -0700] "GET /CS320/midterm/add HTTP/1.1" 200 846
0:0:0:0:0:0:0:1 - - [07/May/2015:22:04:54 -0700] "POST /CS320/midterm/add HTTP/1.1" 302 -
0:0:0:0:0:0:0:1 - - [07/May/2015:22:04:54 -0700] "GET /CS320/midterm/StoreAdmin HTTP/1.1" 200 1509
0:0:0:0:0:0:0:1 - - [07/May/2015:22:04:57 -0700] "GET /CS320/midterm/StoreAdmin?query=iphone&selectbox=Name HTTP/1.1" 200 1244
0:0:0:0:0:0:0:1 - - [07/May/2015:22:05:00 -0700] "GET /CS320/midterm/StoreAdmin?query=ipod&selectbox=Name HTTP/1.1" 200 1243
0:0:0:0:0:0:0:1 - - [07/May/2015:22:05:04 -0700] "GET /CS320/midterm/StoreAdmin?query=apple&selectbox=Name HTTP/1.1" 200 978
0:0:0:0:0:0:0:1 - - [07/May/2015:22:05:06 -0700] "GET /CS320/midterm/StoreAdmin?query=apple&selectbox=Name HTTP/1.1" 200 978
0:0:0:0:0:0:0:1 - - [07/May/2015:22:05:08 -0700] "GET /CS320/midterm/StoreAdmin?query=apple&selectbox=Name HTTP/1.1" 200 978
0:0:0:0:0:0:0:1 - - [07/May/2015:22:05:11 -0700] "GET /CS320/midterm/StoreAdmin?query=500&selectbox=Name HTTP/1.1" 200 978
0:0:0:0:0:0:0:1 - - [07/May/2015:22:05:13 -0700] "GET /CS320/midterm/StoreAdmin?query=&selectbox=Name HTTP/1.1" 200 1509
0:0:0:0:0:0:0:1 - - [07/May/2015:22:05:25 -0700] "GET /CS320/midterm/StoreAdmin?query=500&selectbox=Name HTTP/1.1" 200 978
127.0.0.1 - - [07/May/2015:22:06:11 -0700] "GET / HTTP/1.1" 404 951
0:0:0:0:0:0:0:1 - - [07/May/2015:22:06:11 -0700] "GET /CS320/midterm/StoreAdmin HTTP/1.1" 200 1243
0:0:0:0:0:0:0:1 - - [07/May/2015:22:06:16 -0700] "GET /CS320/midterm/add HTTP/1.1" 200 846
0:0:0:0:0:0:0:1 - - [07/May/2015:22:06:29 -0700] "POST /CS320/midterm/add HTTP/1.1" 302 -
0:0:0:0:0:0:0:1 - - [07/May/2015:22:06:29 -0700] "GET /CS320/midterm/StoreAdmin HTTP/1.1" 200 1502
0:0:0:0:0:0:0:1 - - [07/May/2015:22:06:32 -0700] "GET /CS320/midterm/StoreAdmin?query=400&selectbox=Name HTTP/1.1" 200 978
127.0.0.1 - - [07/May/2015:22:10:40 -0700] "GET / HTTP/1.1" 404 951
0:0:0:0:0:0:0:1 - - [07/May/2015:22:10:41 -0700] "GET /CS320/midterm/StoreAdmin HTTP/1.1" 200 1243
0:0:0:0:0:0:0:1 - - [07/May/2015:22:11:12 -0700] "GET /CS320/midterm/add HTTP/1.1" 200 846
0:0:0:0:0:0:0:1 - - [07/May/2015:22:11:21 -0700] "POST /CS320/midterm/add HTTP/1.1" 302 -
0:0:0:0:0:0:0:1 - - [07/May/2015:22:11:21 -0700] "GET /CS320/midterm/StoreAdmin HTTP/1.1" 200 1509
0:0:0:0:0:0:0:1 - - [07/May/2015:22:11:25 -0700] "GET /CS320/midterm/StoreAdmin?query=400&selectbox=Name HTTP/1.1" 200 978
0:0:0:0:0:0:0:1 - - [07/May/2015:22:11:27 -0700] "GET /CS320/midterm/StoreAdmin?query=500&selectbox=Name HTTP/1.1" 200 978
0:0:0:0:0:0:0:1 - - [07/May/2015:22:11:30 -0700] "GET /CS320/midterm/StoreAdmin?query=500.0&selectbox=Name HTTP/1.1" 200 978
0:0:0:0:0:0:0:1 - - [07/May/2015:22:11:34 -0700] "GET /CS320/midterm/StoreAdmin?query=400.0&selectbox=Name HTTP/1.1" 200 978
0:0:0:0:0:0:0:1 - - [07/May/2015:22:11:36 -0700] "GET /CS320/midterm/StoreAdmin?query=&selectbox=Name HTTP/1.1" 200 1509
0:0:0:0:0:0:0:1 - - [07/May/2015:22:11:42 -0700] "GET /CS320/midterm/StoreAdmin?query=500.0&selectbox=Price HTTP/1.1" 200 1243
0:0:0:0:0:0:0:1 - - [07/May/2015:22:11:46 -0700] "GET /CS320/midterm/StoreAdmin?query=400.0&selectbox=Name HTTP/1.1" 200 978
0:0:0:0:0:0:0:1 - - [07/May/2015:22:11:48 -0700] "GET /CS320/midterm/StoreAdmin?query=&selectbox=Name HTTP/1.1" 200 1509
0:0:0:0:0:0:0:1 - - [07/May/2015:22:11:55 -0700] "GET /CS320/midterm/StoreAdmin?query=400.0&selectbox=Price HTTP/1.1" 200 1244
0:0:0:0:0:0:0:1 - - [07/May/2015:22:29:10 -0700] "GET /CS320/midterm/StoreAdmin HTTP/1.1" 200 1509
0:0:0:0:0:0:0:1 - - [07/May/2015:22:29:16 -0700] "GET /CS320/midterm/add HTTP/1.1" 200 846
0:0:0:0:0:0:0:1 - - [07/May/2015:22:29:27 -0700] "POST /CS320/midterm/add HTTP/1.1" 302 -
0:0:0:0:0:0:0:1 - - [07/May/2015:22:29:27 -0700] "GET /CS320/midterm/StoreAdmin HTTP/1.1" 200 1769
0:0:0:0:0:0:0:1 - - [07/May/2015:22:29:31 -0700] "GET /CS320/midterm/StoreAdmin?query=samsung&selectbox=Name HTTP/1.1" 200 1238
